******************************************************************************
             TMS320C2000 Linker PC v22.6.0                     
******************************************************************************
>> Linked Mon Aug 29 17:30:40 2022

OUTPUT FILE NAME:   <rfft.out>
ENTRY POINT SYMBOL: "_c_int00"  address: 00001c71


MEMORY CONFIGURATION

         name            origin    length      used     unused   attr    fill
----------------------  --------  ---------  --------  --------  ----  --------
PAGE 0:
  PROG                  00000040   003fffc0  000035c3  003fc9fd  RWIX

PAGE 1:
  DATA                  00000000   00010000  00000f28  0000f0d8  RW  
  DATA1                 00010000   003f0000  00000000  003f0000  RW  


SECTION ALLOCATION MAP

 output                                  attributes/
section   page    origin      length       input sections
--------  ----  ----------  ----------   ----------------
.text      0    00000040    00001d73     
                  00000040    0000067d     rts2800_fpu32_eabi.lib : k_rem_pio2.c.obj (.text)
                  000006bd    00000431                            : e_rem_pio2.c.obj (.text)
                  00000aee    00000133     driverlib.lib : sysctl.obj (.text:SysCtl_setClock)
                  00000c21    00000125     rts2800_fpu32_eabi.lib : k_sin.c.obj (.text)
                  00000d46    00000113                            : k_cos.c.obj (.text)
                  00000e59    00000108     c28x_fixedpoint_dsp_library_fpu32_eabi.lib : FFT32_calc.obj (.text)
                  00000f61    000000fe     driverlib.lib : sysctl.obj (.text:SysCtl_isPLLValid)
                  0000105f    000000e8     rts2800_fpu32_eabi.lib : s_floor.c.obj (.text)
                  00001147    000000ce     device.obj (.text:Device_enableAllPeripherals)
                  00001215    000000ce     rts2800_fpu32_eabi.lib : s_cos.c.obj (.text)
                  000012e3    000000cb                            : s_sin.c.obj (.text)
                  000013ae    000000c9     rfft.obj (.text:main)
                  00001477    000000a9     rts2800_fpu32_eabi.lib : s_scalbn.c.obj (.text)
                  00001520    0000009c                            : fd_add28.asm.obj (.text)
                  000015bc    0000008b                            : fd_div28.asm.obj (.text)
                  00001647    00000088                            : fs_div28.asm.obj (.text)
                  000016cf    00000083                            : fd_mpy28.asm.obj (.text)
                  00001752    0000007a     driverlib.lib : sysctl.obj (.text:DCC_setCounterSeeds)
                  000017cc    00000069                   : gpio.obj (.text:GPIO_setAnalogMode)
                  00001835    00000064     c28x_fixedpoint_dsp_library_fpu32_eabi.lib : RFFT32_split.obj (.text)
                  00001899    0000004a     driverlib.lib : sysctl.obj (.text:SysCtl_selectOscSource)
                  000018e3    0000003d                   : interrupt.obj (.text:Interrupt_initModule)
                  00001920    0000002e     rts2800_fpu32_eabi.lib : copy_decompress_lzss.c.obj (.text:decompress:lzss)
                  0000194e    0000002b     driverlib.lib : sysctl.obj (.text:SysCtl_selectXTAL)
                  00001979    0000002b     rts2800_fpu32_eabi.lib : autoinit.c.obj (.text:__TI_auto_init_nobinit_nopinit)
                  000019a4    0000002a                            : fd_cmp28.asm.obj (.text)
                  000019ce    00000029                            : exit.c.obj (.text)
                  000019f7    00000026     driverlib.lib : sysctl.obj (.text:SysCtl_pollX1Counter)
                  00001a1d    00000025                   : sysctl.obj (.text:DCC_enableSingleShotMode)
                  00001a42    00000024     c28x_fixedpoint_dsp_library_fpu32_eabi.lib : RFFT32_win.obj (.text)
                  00001a66    00000024     rts2800_fpu32_eabi.lib : s_copysign.c.obj (.text)
                  00001a8a    00000022     c28x_fixedpoint_dsp_library_fpu32_eabi.lib : RFFT32_brev.obj (.text)
                  00001aac    00000022                                                : RFFT32_mag.obj (.text)
                  00001ace    00000022     rts2800_fpu32_eabi.lib : i_div28.asm.obj (.text)
                  00001af0    00000021                            : fd_toi28.asm.obj (.text)
                  00001b11    0000001f     driverlib.lib : sysctl.obj (.text:DCC_setCounter0ClkSource)
                  00001b30    0000001f                   : sysctl.obj (.text:DCC_setCounter1ClkSource)
                  00001b4f    0000001f     rts2800_fpu32_eabi.lib : fd_tol28.asm.obj (.text)
                  00001b6e    0000001e     driverlib.lib : interrupt.obj (.text:Interrupt_initVectorTable)
                  00001b8c    0000001d     rts2800_fpu32_eabi.lib : memcpy.c.obj (.text)
                  00001ba9    0000001c                            : fs_tofdfpu32.asm.obj (.text)
                  00001bc5    0000001c                            : l_tofd28.asm.obj (.text)
                  00001be1    0000001a     driverlib.lib : sysctl.obj (.text:SysCtl_selectXTALSingleEnded)
                  00001bfb    00000019     device.obj (.text:Device_init)
                  00001c14    00000018     rts2800_fpu32_eabi.lib : ll_aox28.asm.obj (.text)
                  00001c2c    00000017     driverlib.lib : sysctl.obj (.text:DCC_disableDoneSignal)
                  00001c43    00000017     device.obj (.text:SysCtl_enablePeripheral)
                  00001c5a    00000017     driverlib.lib : sysctl.obj (.text:SysCtl_enablePeripheral)
                  00001c71    00000017     rts2800_fpu32_eabi.lib : boot28.asm.obj (.text)
                  00001c88    00000016     driverlib.lib : sysctl.obj (.text:DCC_clearDoneFlag)
                  00001c9e    00000016                   : sysctl.obj (.text:DCC_clearErrorFlag)
                  00001cb4    00000016                   : sysctl.obj (.text:DCC_disableErrorSignal)
                  00001cca    00000015                   : sysctl.obj (.text:DCC_isBaseValid)
                  00001cdf    00000014                   : sysctl.obj (.text:DCC_disableModule)
                  00001cf3    00000014                   : sysctl.obj (.text:DCC_enableModule)
                  00001d07    0000000e                   : interrupt.obj (.text:Interrupt_defaultHandler)
                  00001d15    0000000e     rts2800_fpu32_eabi.lib : fd_sub28.asm.obj (.text)
                  00001d23    0000000d     driverlib.lib : interrupt.obj (.text:Interrupt_disableMaster)
                  00001d30    0000000d     device.obj (.text:SysCtl_setLowSpeedClock)
                  00001d3d    0000000c     driverlib.lib : sysctl.obj (.text:SysCtl_setPLLSysClk)
                  00001d49    0000000c     rts2800_fpu32_eabi.lib : args_main.c.obj (.text)
                  00001d55    0000000b     driverlib.lib : sysctl.obj (.text:SysCtl_isMCDClockFailureDetected)
                  00001d60    00000009     rts2800_fpu32_eabi.lib : _lock.c.obj (.text)
                  00001d69    00000009                            : fd_neg28.asm.obj (.text)
                  00001d72    00000008     device.obj (.text:SysCtl_disableWatchdog)
                  00001d7a    00000008     rts2800_fpu32_eabi.lib : copy_decompress_none.c.obj (.text:decompress:none)
                  00001d82    00000007     device.obj (.text:ASysCtl_lockVREG)
                  00001d89    00000007     driverlib.lib : sysctl.obj (.text:SysCtl_resetMCD)
                  00001d90    00000007     device.obj (.text:__error__)
                  00001d97    00000007     rts2800_fpu32_eabi.lib : memset.c.obj (.text)
                  00001d9e    00000006                            : copy_zero_init.c.obj (.text:decompress:ZI)
                  00001da4    00000004     device.obj (.text:SysCtl_deviceCal)
                  00001da8    00000004     c28x_fixedpoint_dsp_library_fpu32_eabi.lib : FFT32_init.obj (.text)
                  00001dac    00000002     driverlib.lib : interrupt.obj (.text:Interrupt_illegalOperationHandler)
                  00001dae    00000002                   : interrupt.obj (.text:Interrupt_nmiHandler)
                  00001db0    00000002     rts2800_fpu32_eabi.lib : pre_init.c.obj (.text)
                  00001db2    00000001                            : startup.c.obj (.text)

.data      0    000035b4    00000024     UNINITIALIZED
                  000035b4    00000006     rts2800_fpu32_eabi.lib : exit.c.obj (.data)
                  000035ba    00000002                            : _lock.c.obj (.data:_lock)
                  000035bc    00000002                            : _lock.c.obj (.data:_unlock)
                  000035be    00000001                            : errno.c.obj (.data)
                  000035bf    00000001     --HOLE--
                  000035c0    00000018     rfft.obj (.data)

.cinit     0    000035dc    00000028     
                  000035dc    0000000b     (.cinit..data.load) [load image, compression = lzss]
                  000035e7    00000001     --HOLE-- [fill = 0]
                  000035e8    00000006     (__TI_handler_table)
                  000035ee    00000004     (.cinit.FFTipcb.load) [load image, compression = zero_init]
                  000035f2    00000004     (.cinit.FFTipcbsrc.load) [load image, compression = zero_init]
                  000035f6    00000002     --HOLE-- [fill = 0]
                  000035f8    0000000c     (__TI_cinit_table)

.init_array 
*          0    00000040    00000000     UNINITIALIZED

.stack     1    00000000    00000200     UNINITIALIZED
                  00000000    00000200     --HOLE--

FFTtf      0    00001db4    00001800     
                  00001db4    00001800     c28x_fixedpoint_dsp_library_fpu32_eabi.lib : FFT32_init.obj (FFTtf)

.TI.ramfunc 
*          0    000035d8    00000004     
                  000035d8    00000004     driverlib.lib : sysctl.obj (.TI.ramfunc)

.const     1    00000200    00000524     
                  00000200    00000200     rfft.obj (.const:win)
                  00000400    0000009a     driverlib.lib : sysctl.obj (.const:.string)
                  0000049a    00000098                   : gpio.obj (.const:.string)
                  00000532    00000084     rts2800_fpu32_eabi.lib : k_rem_pio2.c.obj (.const:ipio2)
                  000005b6    00000004                            : k_rem_pio2.c.obj (.const:init_jk)
                  000005ba    00000004                            : s_cos.c.obj (.const)
                  000005be    00000002     --HOLE-- [fill = 0]
                  000005c0    00000064                            : e_rem_pio2.c.obj (.const)
                  00000624    0000001c                            : s_scalbn.c.obj (.const)
                  00000640    0000003c                            : k_cos.c.obj (.const)
                  0000067c    00000004                            : s_sin.c.obj (.const)
                  00000680    00000038                            : k_sin.c.obj (.const)
                  000006b8    00000008     --HOLE-- [fill = 0]
                  000006c0    0000002c                            : k_rem_pio2.c.obj (.const)
                  000006ec    00000020                            : k_rem_pio2.c.obj (.const:PIo2)
                  0000070c    0000000c     rfft.obj (.const)
                  00000718    0000000c     rts2800_fpu32_eabi.lib : s_floor.c.obj (.const)

FFTipcb    1    00000724    00000404     UNINITIALIZED
                  00000724    00000404     rfft.obj (FFTipcb)

FFTipcbsrc 
*          1    00000b28    00000400     UNINITIALIZED
                  00000b28    00000400     rfft.obj (FFTipcbsrc)

MODULE SUMMARY

       Module                       code   ro data   rw data
       ------                       ----   -------   -------
    .\
       device.obj                   293    0         0      
    +--+----------------------------+------+---------+---------+
       Total:                       293    0         0      
                                                            
    .\source\
       rfft.obj                     201    524       2076   
    +--+----------------------------+------+---------+---------+
       Total:                       201    524       2076   
                                                            
    C:/ti/c2000/C2000Ware_4_01_00_00/driverlib/f28003x/driverlib/ccs/Debug/driverlib.lib
       sysctl.obj                   1170   154       0      
       gpio.obj                     105    152       0      
       interrupt.obj                122    0         0      
    +--+----------------------------+------+---------+---------+
       Total:                       1397   306       0      
                                                            
    C:/ti/c2000/C2000Ware_4_01_00_00/libraries/dsp/FixedPoint/c28/lib/c28x_fixedpoint_dsp_library_fpu32_eabi.lib
       FFT32_init.obj               4      6144      0      
       FFT32_calc.obj               264    0         0      
       RFFT32_split.obj             100    0         0      
       RFFT32_win.obj               36     0         0      
       RFFT32_brev.obj              34     0         0      
       RFFT32_mag.obj               34     0         0      
    +--+----------------------------+------+---------+---------+
       Total:                       472    6144      0      
                                                            
    C:\ti\ccs1200\ccs\tools\compiler\ti-cgt-c2000_22.6.0.LTS\lib\rts2800_fpu32_eabi.lib
       k_rem_pio2.c.obj             1661   212       0      
       e_rem_pio2.c.obj             1073   100       0      
       k_sin.c.obj                  293    56        0      
       k_cos.c.obj                  275    60        0      
       s_floor.c.obj                232    12        0      
       s_cos.c.obj                  206    4         0      
       s_sin.c.obj                  203    4         0      
       s_scalbn.c.obj               169    28        0      
       fd_add28.asm.obj             156    0         0      
       fd_div28.asm.obj             139    0         0      
       fs_div28.asm.obj             136    0         0      
       fd_mpy28.asm.obj             131    0         0      
       exit.c.obj                   41     0         6      
       copy_decompress_lzss.c.obj   46     0         0      
       autoinit.c.obj               43     0         0      
       fd_cmp28.asm.obj             42     0         0      
       s_copysign.c.obj             36     0         0      
       i_div28.asm.obj              34     0         0      
       fd_toi28.asm.obj             33     0         0      
       fd_tol28.asm.obj             31     0         0      
       memcpy.c.obj                 29     0         0      
       fs_tofdfpu32.asm.obj         28     0         0      
       l_tofd28.asm.obj             28     0         0      
       ll_aox28.asm.obj             24     0         0      
       boot28.asm.obj               23     0         0      
       fd_sub28.asm.obj             14     0         0      
       _lock.c.obj                  9      0         4      
       args_main.c.obj              12     0         0      
       fd_neg28.asm.obj             9      0         0      
       copy_decompress_none.c.obj   8      0         0      
       memset.c.obj                 7      0         0      
       copy_zero_init.c.obj         6      0         0      
       pre_init.c.obj               2      0         0      
       errno.c.obj                  0      0         1      
       startup.c.obj                1      0         0      
    +--+----------------------------+------+---------+---------+
       Total:                       5180   476       11     
                                                            
       Stack:                       0      0         512    
       Linker Generated:            0      37        0      
    +--+----------------------------+------+---------+---------+
       Grand Total:                 7543   7487      2599   


LINKER GENERATED COPY TABLES

__TI_cinit_table @ 000035f8 records: 3, size/record: 4, table size: 12
	.data: load addr=000035dc, load size=0000000b bytes, run addr=000035b4, run size=00000024 bytes, compression=lzss
	FFTipcb: load addr=000035ee, load size=00000004 bytes, run addr=00000724, run size=00000404 bytes, compression=zero_init
	FFTipcbsrc: load addr=000035f2, load size=00000004 bytes, run addr=00000b28, run size=00000400 bytes, compression=zero_init


LINKER GENERATED HANDLER TABLE

__TI_handler_table @ 000035e8 records: 3, size/record: 2, table size: 6
	index: 0, handler: __TI_decompress_lzss
	index: 1, handler: __TI_decompress_none
	index: 2, handler: __TI_zero_init


GLOBAL DATA SYMBOLS: SORTED BY DATA PAGE

address     data page           name
--------    ----------------    ----
00000000       0 (00000000)     __stack

00000200       8 (00000200)     win

00000724      1c (00000700)     ipcb

00000b28      2c (00000b00)     ipcbsrc

000035b4      d6 (00003580)     __TI_enable_exit_profile_output
000035b6      d6 (00003580)     __TI_cleanup_ptr
000035b8      d6 (00003580)     __TI_dtors_ptr
000035ba      d6 (00003580)     _lock
000035bc      d6 (00003580)     _unlock
000035be      d6 (00003580)     errno

000035c0      d7 (000035c0)     rfft


GLOBAL SYMBOLS: SORTED ALPHABETICALLY BY Name 

page  address   name                           
----  -------   ----                           
0     000019ce  C$$EXIT                        
0     00001147  Device_enableAllPeripherals    
0     00001bfb  Device_init                    
0     00000e59  FFT32_calc                     
0     00001da8  FFT32_init                     
0     000017cc  GPIO_setAnalogMode             
0     000018e3  Interrupt_initModule           
0     00001b6e  Interrupt_initVectorTable      
0     00001a8a  RFFT32_brev                    
0     00001aac  RFFT32_mag                     
0     00001835  RFFT32_split                   
0     00001a42  RFFT32_win                     
0     000035d8  SysCtl_delay                   
0     00000f61  SysCtl_isPLLValid              
0     00001899  SysCtl_selectOscSource         
0     0000194e  SysCtl_selectXTAL              
0     00001be1  SysCtl_selectXTALSingleEnded   
0     00000aee  SysCtl_setClock                
0     000035f8  __TI_CINIT_Base                
0     00003604  __TI_CINIT_Limit               
0     00003604  __TI_CINIT_Warm                
0     000035e8  __TI_Handler_Table_Base        
0     000035ee  __TI_Handler_Table_Limit       
1     00000200  __TI_STACK_END                 
abs   00000200  __TI_STACK_SIZE                
0     00001979  __TI_auto_init_nobinit_nopinit 
0     000035b6  __TI_cleanup_ptr               
0     00001920  __TI_decompress_lzss           
0     00001d7a  __TI_decompress_none           
0     000035b8  __TI_dtors_ptr                 
0     000035b4  __TI_enable_exit_profile_output
abs   ffffffff  __TI_pprof_out_hndl            
abs   ffffffff  __TI_prof_data_size            
abs   ffffffff  __TI_prof_data_start           
0     00001d9e  __TI_zero_init                 
0     00001520  __c28xabi_addd                 
0     00001c14  __c28xabi_andll                
0     000019a4  __c28xabi_cmpd                 
0     000015bc  __c28xabi_divd                 
0     00001647  __c28xabi_divf                 
0     00001ace  __c28xabi_divi                 
0     00001af0  __c28xabi_dtoi                 
0     00001b4f  __c28xabi_dtol                 
0     00001ba9  __c28xabi_ftod                 
0     00001bc5  __c28xabi_ltod                 
0     00001adf  __c28xabi_modi                 
0     000016cf  __c28xabi_mpyd                 
0     00001d69  __c28xabi_negd                 
0     00001c1c  __c28xabi_orll                 
0     00001d15  __c28xabi_subd                 
0     00001c24  __c28xabi_xorll                
n/a   UNDEFED   __c_args__                     
0     00001d90  __error__                      
0     00000d46  __kernel_cos                   
0     00000040  __kernel_rem_pio2              
0     00000c21  __kernel_sin                   
0     000006bd  __rem_pio2                     
1     00000000  __stack                        
0     00001d49  _args_main                     
0     00001c71  _c_int00                       
0     000035ba  _lock                          
0     00001d68  _nop                           
0     00001d64  _register_lock                 
0     00001d60  _register_unlock               
0     00001db2  _system_post_cinit             
0     00001db0  _system_pre_init               
0     000035bc  _unlock                        
0     000019ce  abort                          
0     00001a66  copysign                       
0     00001a66  copysignl                      
0     00001215  cos                            
0     00001215  cosl                           
0     000035be  errno                          
0     000019d0  exit                           
0     0000105f  floor                          
0     0000105f  floorl                         
1     00000724  ipcb                           
1     00000b28  ipcbsrc                        
0     00001477  ldexp                          
0     00001477  ldexpl                         
0     000013ae  main                           
0     00001b8c  memcpy                         
0     00001d97  memset                         
0     000035c0  rfft                           
0     00001477  scalbn                         
0     00001477  scalbnl                        
0     000012e3  sin                            
0     000012e3  sinl                           
1     00000200  win                            


GLOBAL SYMBOLS: SORTED BY Symbol Address 

page  address   name                           
----  -------   ----                           
0     00000040  __kernel_rem_pio2              
0     000006bd  __rem_pio2                     
0     00000aee  SysCtl_setClock                
0     00000c21  __kernel_sin                   
0     00000d46  __kernel_cos                   
0     00000e59  FFT32_calc                     
0     00000f61  SysCtl_isPLLValid              
0     0000105f  floor                          
0     0000105f  floorl                         
0     00001147  Device_enableAllPeripherals    
0     00001215  cos                            
0     00001215  cosl                           
0     000012e3  sin                            
0     000012e3  sinl                           
0     000013ae  main                           
0     00001477  ldexp                          
0     00001477  ldexpl                         
0     00001477  scalbn                         
0     00001477  scalbnl                        
0     00001520  __c28xabi_addd                 
0     000015bc  __c28xabi_divd                 
0     00001647  __c28xabi_divf                 
0     000016cf  __c28xabi_mpyd                 
0     000017cc  GPIO_setAnalogMode             
0     00001835  RFFT32_split                   
0     00001899  SysCtl_selectOscSource         
0     000018e3  Interrupt_initModule           
0     00001920  __TI_decompress_lzss           
0     0000194e  SysCtl_selectXTAL              
0     00001979  __TI_auto_init_nobinit_nopinit 
0     000019a4  __c28xabi_cmpd                 
0     000019ce  C$$EXIT                        
0     000019ce  abort                          
0     000019d0  exit                           
0     00001a42  RFFT32_win                     
0     00001a66  copysign                       
0     00001a66  copysignl                      
0     00001a8a  RFFT32_brev                    
0     00001aac  RFFT32_mag                     
0     00001ace  __c28xabi_divi                 
0     00001adf  __c28xabi_modi                 
0     00001af0  __c28xabi_dtoi                 
0     00001b4f  __c28xabi_dtol                 
0     00001b6e  Interrupt_initVectorTable      
0     00001b8c  memcpy                         
0     00001ba9  __c28xabi_ftod                 
0     00001bc5  __c28xabi_ltod                 
0     00001be1  SysCtl_selectXTALSingleEnded   
0     00001bfb  Device_init                    
0     00001c14  __c28xabi_andll                
0     00001c1c  __c28xabi_orll                 
0     00001c24  __c28xabi_xorll                
0     00001c71  _c_int00                       
0     00001d15  __c28xabi_subd                 
0     00001d49  _args_main                     
0     00001d60  _register_unlock               
0     00001d64  _register_lock                 
0     00001d68  _nop                           
0     00001d69  __c28xabi_negd                 
0     00001d7a  __TI_decompress_none           
0     00001d90  __error__                      
0     00001d97  memset                         
0     00001d9e  __TI_zero_init                 
0     00001da8  FFT32_init                     
0     00001db0  _system_pre_init               
0     00001db2  _system_post_cinit             
0     000035b4  __TI_enable_exit_profile_output
0     000035b6  __TI_cleanup_ptr               
0     000035b8  __TI_dtors_ptr                 
0     000035ba  _lock                          
0     000035bc  _unlock                        
0     000035be  errno                          
0     000035c0  rfft                           
0     000035d8  SysCtl_delay                   
0     000035e8  __TI_Handler_Table_Base        
0     000035ee  __TI_Handler_Table_Limit       
0     000035f8  __TI_CINIT_Base                
0     00003604  __TI_CINIT_Limit               
0     00003604  __TI_CINIT_Warm                
1     00000000  __stack                        
1     00000200  __TI_STACK_END                 
1     00000200  win                            
1     00000724  ipcb                           
1     00000b28  ipcbsrc                        
abs   00000200  __TI_STACK_SIZE                
abs   ffffffff  __TI_pprof_out_hndl            
abs   ffffffff  __TI_prof_data_size            
abs   ffffffff  __TI_prof_data_start           
n/a   UNDEFED   __c_args__                     

[89 symbols]
